** Drc report for Energy_Meter.kicad_pcb **
** Created on 2026-07-27T16:40:58 **
** Report includes: Errors **

** Found 4 DRC violations **
[pth_inside_courtyard]: PTH inside courtyard
    Local override; error
    @(134.7500 mm, 66.5000 mm): PTH pad 1 [/BAT] of J9
    @(136.3200 mm, 63.3500 mm): Footprint DS1
[pth_inside_courtyard]: PTH inside courtyard
    Local override; error
    @(134.7500 mm, 63.0000 mm): PTH pad 2 [GND] of J9
    @(136.3200 mm, 63.3500 mm): Footprint DS1
[annular_width]: Annular width (board setup constraints min annular width 0.2000 mm; actual 0.0500 mm)
    Rule: board setup constraints; error
    @(94.6750 mm, 92.6250 mm): PTH pad 2 [Net-(J1-Pad2)] of J1
[annular_width]: Annular width (board setup constraints min annular width 0.2000 mm; actual 0.0500 mm)
    Rule: board setup constraints; error
    @(101.6750 mm, 92.6250 mm): PTH pad 2 [Net-(J1-Pad2)] of J1

** Found 0 unconnected pads **

** Found 0 Footprint errors **

** Ignored checks **
    - Footprint has no courtyard defined
    - Track endpoint not centered on via
    - Tuning profile track geometries
    - Footprint doesn't match symbol's footprint filters
    - Footprint component type doesn't match footprint pads

** End of Report **
