** Drc report for Energy_Meter.kicad_pcb **
** Created on 2026-07-20T17:13:34 **
** Report includes: Errors **

** Found 80 DRC violations **
[starved_thermal]: Thermal relief connection to zone incomplete (layer F.Cu; zone min spoke count 2; actual 1)
    Local override; error
    @(84.4750 mm, 41.8250 mm): Zone 'Mass' [GND] on F.Cu and B.Cu, priority 1
    @(149.2025 mm, 96.9725 mm): Pad 23 [GND] of U1 on F.Cu
[starved_thermal]: Thermal relief connection to zone incomplete (layer F.Cu; zone min spoke count 2; actual 1)
    Local override; error
    @(84.4750 mm, 41.8250 mm): Zone 'Mass' [GND] on F.Cu and B.Cu, priority 1
    @(144.7025 mm, 88.6475 mm): Pad 47 [GND] of U1 on F.Cu
[starved_thermal]: Thermal relief connection to zone incomplete (layer F.Cu; zone min spoke count 2; actual 1)
    Local override; error
    @(84.4750 mm, 41.8250 mm): Zone 'Mass' [GND] on F.Cu and B.Cu, priority 1
    @(140.0500 mm, 92.9800 mm): Pad 4 [GND] of X1 on F.Cu
[starved_thermal]: Thermal relief connection to zone incomplete (layer F.Cu; zone min spoke count 2; actual 1)
    Local override; error
    @(84.4750 mm, 41.8250 mm): Zone 'Mass' [GND] on F.Cu and B.Cu, priority 1
    @(85.8550 mm, 101.0321 mm): Pad 2 [GND] of C43 on F.Cu
[copper_edge_clearance]: Board edge clearance violation (board setup constraints edge clearance 1.5000 mm; actual 1.0804 mm)
    Rule: board setup constraints edge; error
    @(133.8000 mm, 112.2000 mm): Rectangle on Edge.Cuts
    @(131.2196 mm, 132.1800 mm): Track [Net-(R14-Pad2)] on F.Cu, length 1.4425 mm
[copper_edge_clearance]: Board edge clearance violation (board setup constraints edge clearance 1.5000 mm; actual 1.0804 mm)
    Rule: board setup constraints edge; error
    @(133.8000 mm, 112.2000 mm): Rectangle on Edge.Cuts
    @(131.2196 mm, 119.4800 mm): Track [Net-(R11-Pad2)] on F.Cu, length 4.8396 mm
[copper_edge_clearance]: Board edge clearance violation (board setup constraints edge clearance 1.5000 mm; actual 1.4550 mm)
    Rule: board setup constraints edge; error
    @(84.5000 mm, 41.7500 mm): Rectangle on Edge.Cuts
    @(86.0550 mm, 102.1500 mm): Track [GND] on F.Cu, length 1.1179 mm
[copper_edge_clearance]: Board edge clearance violation (board setup constraints edge clearance 1.5000 mm; actual 1.4550 mm)
    Rule: board setup constraints edge; error
    @(84.5000 mm, 41.7500 mm): Rectangle on Edge.Cuts
    @(88.2800 mm, 102.1500 mm): Track [GND] on F.Cu, length 2.2250 mm
[copper_edge_clearance]: Board edge clearance violation (board setup constraints edge clearance 1.5000 mm; actual 1.2550 mm)
    Rule: board setup constraints edge; error
    @(84.5000 mm, 41.7500 mm): Rectangle on Edge.Cuts
    @(85.8550 mm, 99.1321 mm): Track [Net-(C43-Pad1)] on F.Cu, length 2.4071 mm
[copper_edge_clearance]: Board edge clearance violation (board setup constraints edge clearance 1.5000 mm; actual 1.3050 mm)
    Rule: board setup constraints edge; error
    @(84.5000 mm, 41.7500 mm): Rectangle on Edge.Cuts
    @(86.0550 mm, 102.1300 mm): Pad 1 [GND] of TP6 on F.Cu
[copper_edge_clearance]: Board edge clearance violation (board setup constraints edge clearance 1.5000 mm; actual 0.5450 mm)
    Rule: board setup constraints edge; error
    @(85.8500 mm, 110.6250 mm): Rectangle on Edge.Cuts
    @(91.0250 mm, 116.9700 mm): PTH pad 1 [AC_L] of J4
[copper_edge_clearance]: Board edge clearance violation (board setup constraints edge clearance 1.5000 mm; actual 0.6300 mm)
    Rule: board setup constraints edge; error
    @(84.5000 mm, 41.7500 mm): Rectangle on Edge.Cuts
    @(85.8550 mm, 99.1321 mm): Pad 1 [Net-(C43-Pad1)] of C43 on F.Cu
[copper_edge_clearance]: Board edge clearance violation (board setup constraints edge clearance 1.5000 mm; actual 0.6300 mm)
    Rule: board setup constraints edge; error
    @(84.5000 mm, 41.7500 mm): Rectangle on Edge.Cuts
    @(85.8550 mm, 101.0321 mm): Pad 2 [GND] of C43 on F.Cu
[copper_edge_clearance]: Board edge clearance violation (board setup constraints edge clearance 1.5000 mm; actual 1.2650 mm)
    Rule: board setup constraints edge; error
    @(84.5000 mm, 41.7500 mm): Rectangle on Edge.Cuts
    @(180.4350 mm, 105.0150 mm): Pad 1 [Net-(C19-Pad1)] of R24 on F.Cu
[copper_edge_clearance]: Board edge clearance violation (board setup constraints edge clearance 1.5000 mm; actual 1.2650 mm)
    Rule: board setup constraints edge; error
    @(84.5000 mm, 41.7500 mm): Rectangle on Edge.Cuts
    @(180.4350 mm, 102.0150 mm): Pad 2 [/PUSH] of R24 on F.Cu
[pth_inside_courtyard]: PTH inside courtyard
    Local override; error
    @(134.7500 mm, 66.5000 mm): PTH pad 1 [/BAT] of J9
    @(139.9500 mm, 61.8700 mm): Footprint DS1
[pth_inside_courtyard]: PTH inside courtyard
    Local override; error
    @(134.7500 mm, 63.0000 mm): PTH pad 2 [GND] of J9
    @(139.9500 mm, 61.8700 mm): Footprint DS1
[courtyards_overlap]: Courtyards overlap
    Rule: board setup constraints courtyard; error
    @(121.2000 mm, 50.0000 mm): Footprint TP14
    @(139.9500 mm, 61.8700 mm): Footprint DS1
[courtyards_overlap]: Courtyards overlap
    Rule: board setup constraints courtyard; error
    @(139.9500 mm, 61.8700 mm): Footprint DS1
    @(116.7000 mm, 50.8700 mm): Footprint C24
[clearance]: Clearance violation (netclass 'Default' clearance 0.2000 mm; actual 0.0500 mm)
    Rule: netclass 'Default'; error
    @(154.0197 mm, 117.1000 mm): Track [ADC2] on F.Cu, length 13.6326 mm
    @(145.7025 mm, 108.2171 mm): Pad 1 [/EC_B] of TP25 on F.Cu
[clearance]: Clearance violation (netclass 'Default' clearance 0.2000 mm; actual 0.1750 mm)
    Rule: netclass 'Default'; error
    @(174.8775 mm, 65.0250 mm): Pad GND [GND] of J3 on B.Cu
    @(174.8775 mm, 65.8000 mm): Pad VBUS [/VBUS] of J3 on B.Cu
[clearance]: Clearance violation (netclass 'Default' clearance 0.2000 mm; actual 0.1750 mm)
    Rule: netclass 'Default'; error
    @(174.8775 mm, 71.4750 mm): Pad GND [GND] of J3 on B.Cu
    @(174.8775 mm, 70.7000 mm): Pad VBUS [/VBUS] of J3 on B.Cu
[items_not_allowed]: Items not allowed (keepout area of DS1)
    Rule: keepout area of DS1; error
    @(166.9375 mm, 46.6300 mm): PTH pad SH1 [<no net>] of DS1
[items_not_allowed]: Items not allowed (keepout area of DS1)
    Rule: keepout area of DS1; error
    @(166.9375 mm, 77.1100 mm): PTH pad SH2 [<no net>] of DS1
[annular_width]: Annular width (board setup constraints min annular width 0.2000 mm; actual 0.1500 mm)
    Rule: board setup constraints; error
    @(145.6025 mm, 85.1000 mm): Via [GND] on F.Cu - B.Cu
[annular_width]: Annular width (board setup constraints min annular width 0.2000 mm; actual 0.1500 mm)
    Rule: board setup constraints; error
    @(169.8750 mm, 63.8250 mm): Via [GND] on F.Cu - B.Cu
[annular_width]: Annular width (board setup constraints min annular width 0.2000 mm; actual 0.1500 mm)
    Rule: board setup constraints; error
    @(173.5000 mm, 71.4500 mm): Via [GND] on F.Cu - B.Cu
[annular_width]: Annular width (board setup constraints min annular width 0.2000 mm; actual 0.1500 mm)
    Rule: board setup constraints; error
    @(176.6000 mm, 64.7750 mm): Via [GND] on F.Cu - B.Cu
[annular_width]: Annular width (board setup constraints min annular width 0.2000 mm; actual 0.1500 mm)
    Rule: board setup constraints; error
    @(149.5750 mm, 90.9500 mm): Via [GND] on F.Cu - B.Cu
[annular_width]: Annular width (board setup constraints min annular width 0.2000 mm; actual 0.1500 mm)
    Rule: board setup constraints; error
    @(145.3000 mm, 93.6250 mm): Via [GND] on F.Cu - B.Cu
[annular_width]: Annular width (board setup constraints min annular width 0.2000 mm; actual 0.1500 mm)
    Rule: board setup constraints; error
    @(103.2750 mm, 75.1000 mm): Via [GND] on F.Cu - B.Cu
[annular_width]: Annular width (board setup constraints min annular width 0.2000 mm; actual 0.1500 mm)
    Rule: board setup constraints; error
    @(97.6750 mm, 72.1500 mm): Via [GND] on F.Cu - B.Cu
[annular_width]: Annular width (board setup constraints min annular width 0.2000 mm; actual 0.1500 mm)
    Rule: board setup constraints; error
    @(170.4000 mm, 65.0000 mm): Via [/RX] on F.Cu - B.Cu
[annular_width]: Annular width (board setup constraints min annular width 0.2000 mm; actual 0.1500 mm)
    Rule: board setup constraints; error
    @(169.2200 mm, 91.2700 mm): Via [/RX] on F.Cu - B.Cu
[annular_width]: Annular width (board setup constraints min annular width 0.2000 mm; actual 0.1500 mm)
    Rule: board setup constraints; error
    @(153.7700 mm, 91.2600 mm): Via [/RX] on F.Cu - B.Cu
[annular_width]: Annular width (board setup constraints min annular width 0.2000 mm; actual 0.1500 mm)
    Rule: board setup constraints; error
    @(126.7750 mm, 49.8500 mm): Via [3.3VD] on F.Cu - B.Cu
[annular_width]: Annular width (board setup constraints min annular width 0.2000 mm; actual 0.1500 mm)
    Rule: board setup constraints; error
    @(126.7750 mm, 81.0000 mm): Via [3.3VD] on F.Cu - B.Cu
[annular_width]: Annular width (board setup constraints min annular width 0.2000 mm; actual 0.1500 mm)
    Rule: board setup constraints; error
    @(175.3850 mm, 100.0250 mm): Via [3.3VD] on F.Cu - B.Cu
[annular_width]: Annular width (board setup constraints min annular width 0.2000 mm; actual 0.1500 mm)
    Rule: board setup constraints; error
    @(162.4000 mm, 61.0000 mm): Via [3.3VD] on F.Cu - B.Cu
[annular_width]: Annular width (board setup constraints min annular width 0.2000 mm; actual 0.1500 mm)
    Rule: board setup constraints; error
    @(161.0550 mm, 99.9850 mm): Via [3.3VD] on F.Cu - B.Cu
[annular_width]: Annular width (board setup constraints min annular width 0.2000 mm; actual 0.1500 mm)
    Rule: board setup constraints; error
    @(109.1500 mm, 45.8750 mm): Via [3.3VD] on F.Cu - B.Cu
[annular_width]: Annular width (board setup constraints min annular width 0.2000 mm; actual 0.1500 mm)
    Rule: board setup constraints; error
    @(167.1800 mm, 82.5500 mm): Via [3.3VD] on F.Cu - B.Cu
[annular_width]: Annular width (board setup constraints min annular width 0.2000 mm; actual 0.1500 mm)
    Rule: board setup constraints; error
    @(160.0300 mm, 82.5600 mm): Via [3.3VD] on F.Cu - B.Cu
[annular_width]: Annular width (board setup constraints min annular width 0.2000 mm; actual 0.1500 mm)
    Rule: board setup constraints; error
    @(117.8000 mm, 90.4600 mm): Via [/TFT_RST] on F.Cu - B.Cu
[annular_width]: Annular width (board setup constraints min annular width 0.2000 mm; actual 0.1500 mm)
    Rule: board setup constraints; error
    @(144.2000 mm, 91.0025 mm): Via [/TFT_RST] on F.Cu - B.Cu
[annular_width]: Annular width (board setup constraints min annular width 0.2000 mm; actual 0.1500 mm)
    Rule: board setup constraints; error
    @(126.5000 mm, 91.0100 mm): Via [/TFT_RST] on F.Cu - B.Cu
[annular_width]: Annular width (board setup constraints min annular width 0.2000 mm; actual 0.1500 mm)
    Rule: board setup constraints; error
    @(144.3800 mm, 99.8700 mm): Via [ADC2] on F.Cu - B.Cu
[annular_width]: Annular width (board setup constraints min annular width 0.2000 mm; actual 0.1500 mm)
    Rule: board setup constraints; error
    @(144.4584 mm, 95.2799 mm): Via [ADC2] on F.Cu - B.Cu
[annular_width]: Annular width (board setup constraints min annular width 0.2000 mm; actual 0.1500 mm)
    Rule: board setup constraints; error
    @(123.1400 mm, 54.7600 mm): Via [3.3VA] on F.Cu - B.Cu
[annular_width]: Annular width (board setup constraints min annular width 0.2000 mm; actual 0.1500 mm)
    Rule: board setup constraints; error
    @(124.0500 mm, 80.7800 mm): Via [3.3VA] on F.Cu - B.Cu
[annular_width]: Annular width (board setup constraints min annular width 0.2000 mm; actual 0.1500 mm)
    Rule: board setup constraints; error
    @(109.0300 mm, 94.5200 mm): Via [ADC1] on F.Cu - B.Cu
[annular_width]: Annular width (board setup constraints min annular width 0.2000 mm; actual 0.1500 mm)
    Rule: board setup constraints; error
    @(144.4700 mm, 94.4800 mm): Via [ADC1] on F.Cu - B.Cu
[annular_width]: Annular width (board setup constraints min annular width 0.2000 mm; actual 0.1500 mm)
    Rule: board setup constraints; error
    @(147.2025 mm, 100.1875 mm): Via [/TFT_BLK] on F.Cu - B.Cu
[annular_width]: Annular width (board setup constraints min annular width 0.2000 mm; actual 0.1500 mm)
    Rule: board setup constraints; error
    @(115.0000 mm, 100.6700 mm): Via [/TFT_BLK] on F.Cu - B.Cu
[annular_width]: Annular width (board setup constraints min annular width 0.2000 mm; actual 0.1500 mm)
    Rule: board setup constraints; error
    @(180.3625 mm, 98.7875 mm): Via [/PUSH] on F.Cu - B.Cu
[annular_width]: Annular width (board setup constraints min annular width 0.2000 mm; actual 0.1500 mm)
    Rule: board setup constraints; error
    @(156.1000 mm, 95.9500 mm): Via [/PUSH] on F.Cu - B.Cu
[annular_width]: Annular width (board setup constraints min annular width 0.2000 mm; actual 0.1500 mm)
    Rule: board setup constraints; error
    @(156.7400 mm, 76.0300 mm): Via [/TFT_SCK] on F.Cu - B.Cu
[annular_width]: Annular width (board setup constraints min annular width 0.2000 mm; actual 0.1500 mm)
    Rule: board setup constraints; error
    @(121.9600 mm, 75.7400 mm): Via [/TFT_SCK] on F.Cu - B.Cu
[annular_width]: Annular width (board setup constraints min annular width 0.2000 mm; actual 0.1500 mm)
    Rule: board setup constraints; error
    @(156.0500 mm, 76.5800 mm): Via [/TFT_MISO] on F.Cu - B.Cu
[annular_width]: Annular width (board setup constraints min annular width 0.2000 mm; actual 0.1500 mm)
    Rule: board setup constraints; error
    @(121.2000 mm, 76.5200 mm): Via [/TFT_MISO] on F.Cu - B.Cu
[annular_width]: Annular width (board setup constraints min annular width 0.2000 mm; actual 0.1500 mm)
    Rule: board setup constraints; error
    @(120.2000 mm, 77.2200 mm): Via [/TFT_MOSI] on F.Cu - B.Cu
[annular_width]: Annular width (board setup constraints min annular width 0.2000 mm; actual 0.1500 mm)
    Rule: board setup constraints; error
    @(154.4800 mm, 77.2200 mm): Via [/TFT_MOSI] on F.Cu - B.Cu
[annular_width]: Annular width (board setup constraints min annular width 0.2000 mm; actual 0.1500 mm)
    Rule: board setup constraints; error
    @(161.4100 mm, 93.0300 mm): Via [/RANGE] on F.Cu - B.Cu
[annular_width]: Annular width (board setup constraints min annular width 0.2000 mm; actual 0.1500 mm)
    Rule: board setup constraints; error
    @(154.1852 mm, 93.0448 mm): Via [/RANGE] on F.Cu - B.Cu
[annular_width]: Annular width (board setup constraints min annular width 0.2000 mm; actual 0.1500 mm)
    Rule: board setup constraints; error
    @(171.0000 mm, 66.2900 mm): Via [/TX] on F.Cu - B.Cu
[annular_width]: Annular width (board setup constraints min annular width 0.2000 mm; actual 0.1500 mm)
    Rule: board setup constraints; error
    @(169.8200 mm, 92.1300 mm): Via [/TX] on F.Cu - B.Cu
[annular_width]: Annular width (board setup constraints min annular width 0.2000 mm; actual 0.1500 mm)
    Rule: board setup constraints; error
    @(154.0600 mm, 92.1300 mm): Via [/TX] on F.Cu - B.Cu
[annular_width]: Annular width (board setup constraints min annular width 0.2000 mm; actual 0.1500 mm)
    Rule: board setup constraints; error
    @(154.9500 mm, 85.7200 mm): Via [/SWDIO] on F.Cu - B.Cu
[annular_width]: Annular width (board setup constraints min annular width 0.2000 mm; actual 0.1500 mm)
    Rule: board setup constraints; error
    @(149.7200 mm, 85.9300 mm): Via [/SWCLK] on F.Cu - B.Cu
[annular_width]: Annular width (board setup constraints min annular width 0.2000 mm; actual 0.1500 mm)
    Rule: board setup constraints; error
    @(147.3025 mm, 82.5100 mm): Via [/SCL1] on F.Cu - B.Cu
[annular_width]: Annular width (board setup constraints min annular width 0.2000 mm; actual 0.1500 mm)
    Rule: board setup constraints; error
    @(104.9500 mm, 71.5400 mm): Via [/SCL1] on F.Cu - B.Cu
[annular_width]: Annular width (board setup constraints min annular width 0.2000 mm; actual 0.1500 mm)
    Rule: board setup constraints; error
    @(146.7250 mm, 81.8250 mm): Via [/SDA1] on F.Cu - B.Cu
[annular_width]: Annular width (board setup constraints min annular width 0.2000 mm; actual 0.1500 mm)
    Rule: board setup constraints; error
    @(105.3250 mm, 73.2250 mm): Via [/SDA1] on F.Cu - B.Cu
[annular_width]: Annular width (board setup constraints min annular width 0.2000 mm; actual 0.1500 mm)
    Rule: board setup constraints; error
    @(105.3250 mm, 73.2250 mm): Via [/SDA1] on F.Cu - B.Cu
[annular_width]: Annular width (board setup constraints min annular width 0.2000 mm; actual 0.1500 mm)
    Rule: board setup constraints; error
    @(119.2000 mm, 90.4900 mm): Via [/TFT_CS] on F.Cu - B.Cu
[annular_width]: Annular width (board setup constraints min annular width 0.2000 mm; actual 0.1500 mm)
    Rule: board setup constraints; error
    @(145.6814 mm, 90.3547 mm): Via [/TFT_CS] on F.Cu - B.Cu
[annular_width]: Annular width (board setup constraints min annular width 0.2000 mm; actual 0.1500 mm)
    Rule: board setup constraints; error
    @(116.0000 mm, 89.0900 mm): Via [/TFT_DC] on F.Cu - B.Cu
[annular_width]: Annular width (board setup constraints min annular width 0.2000 mm; actual 0.1500 mm)
    Rule: board setup constraints; error
    @(145.1025 mm, 89.8025 mm): Via [/TFT_DC] on F.Cu - B.Cu
[annular_width]: Annular width (board setup constraints min annular width 0.2000 mm; actual 0.0500 mm)
    Rule: board setup constraints; error
    @(93.2800 mm, 92.7500 mm): PTH pad 2 [Net-(J1-Pad2)] of J1
[annular_width]: Annular width (board setup constraints min annular width 0.2000 mm; actual 0.0500 mm)
    Rule: board setup constraints; error
    @(100.2800 mm, 92.7500 mm): PTH pad 2 [Net-(J1-Pad2)] of J1

** Found 3 unconnected pads **
[unconnected_items]: Missing connection between items
    Local override; error
    @(174.8775 mm, 70.7000 mm): Pad VBUS [/VBUS] of J3 on B.Cu
    @(174.2000 mm, 65.8000 mm): Track [/VBUS] on B.Cu, length 0.6775 mm
[unconnected_items]: Missing connection between items
    Local override; error
    @(174.8775 mm, 69.0000 mm): Pad B6 [/USB_C+] of J3 on B.Cu
    @(174.8775 mm, 68.0000 mm): Pad A6 [/USB_C+] of J3 on B.Cu
[unconnected_items]: Missing connection between items
    Local override; error
    @(174.8775 mm, 68.5000 mm): Pad A7 [/USB_C-] of J3 on B.Cu
    @(174.8775 mm, 67.5000 mm): Pad B7 [/USB_C-] of J3 on B.Cu

** Found 0 Footprint errors **

** Ignored checks **
    - Footprint has no courtyard defined
    - Track endpoint not centered on via
    - Tuning profile track geometries
    - Footprint doesn't match symbol's footprint filters
    - Footprint component type doesn't match footprint pads

** End of Report **
