ERC report (2026-06-16T16:52:07, Encoding UTF8)
Report includes: Errors

***** Sheet /
[power_pin_not_driven]: Input Power pin not driven by any Output Power pins
    ; error
    @(74.93 mm, 156.21 mm): Symbol #PWR011 Pin 1 [Power input, Line]
[power_pin_not_driven]: Input Power pin not driven by any Output Power pins
    ; error
    @(85.09 mm, 175.26 mm): Symbol C8 Pin 2 [Input, Line]
[pin_not_connected]: Pin not connected
    ; error
    @(95.25 mm, 215.90 mm): Symbol U2 Pin 8 [Vbus, Input, Line]
[pin_not_driven]: Input pin not driven by any Output pins
    ; error
    @(95.25 mm, 215.90 mm): Symbol U2 Pin 8 [Vbus, Input, Line]
[pin_not_connected]: Pin not connected
    ; error
    @(95.25 mm, 226.06 mm): Symbol U2 Pin 10 [Vin+, Input, Line]
[pin_not_driven]: Input pin not driven by any Output pins
    ; error
    @(95.25 mm, 226.06 mm): Symbol U2 Pin 10 [Vin+, Input, Line]
[pin_not_connected]: Pin not connected
    ; error
    @(95.25 mm, 228.60 mm): Symbol U2 Pin 9 [Vin-, Input, Line]
[pin_not_driven]: Input pin not driven by any Output pins
    ; error
    @(95.25 mm, 228.60 mm): Symbol U2 Pin 9 [Vin-, Input, Line]
[pin_not_connected]: Pin not connected
    ; error
    @(105.41 mm, 210.82 mm): Symbol U2 Pin 6 [VS, Power input, Line]
[power_pin_not_driven]: Input Power pin not driven by any Output Power pins
    ; error
    @(105.41 mm, 210.82 mm): Symbol U2 Pin 6 [VS, Power input, Line]
[pin_not_connected]: Pin not connected
    ; error
    @(105.41 mm, 236.22 mm): Symbol U2 Pin 7 [GND, Power input, Line]
[power_pin_not_driven]: Input Power pin not driven by any Output Power pins
    ; error
    @(105.41 mm, 236.22 mm): Symbol U2 Pin 7 [GND, Power input, Line]
[pin_not_connected]: Pin not connected
    ; error
    @(115.57 mm, 215.90 mm): Symbol U2 Pin 1 [A1, Input, Line]
[pin_not_driven]: Input pin not driven by any Output pins
    ; error
    @(115.57 mm, 215.90 mm): Symbol U2 Pin 1 [A1, Input, Line]
[pin_not_connected]: Pin not connected
    ; error
    @(115.57 mm, 218.44 mm): Symbol U2 Pin 2 [A0, Input, Line]
[pin_not_driven]: Input pin not driven by any Output pins
    ; error
    @(115.57 mm, 218.44 mm): Symbol U2 Pin 2 [A0, Input, Line]
[pin_not_connected]: Pin not connected
    ; error
    @(115.57 mm, 223.52 mm): Symbol U2 Pin 4 [SDA, Bidirectional, Line]
[pin_not_connected]: Pin not connected
    ; error
    @(115.57 mm, 226.06 mm): Symbol U2 Pin 5 [SCL, Input, Line]
[pin_not_driven]: Input pin not driven by any Output pins
    ; error
    @(115.57 mm, 226.06 mm): Symbol U2 Pin 5 [SCL, Input, Line]
[pin_not_connected]: Pin not connected
    ; error
    @(115.57 mm, 231.14 mm): Symbol U2 Pin 3 [~{Alert}, Open collector, Line]
[pin_not_connected]: Pin not connected
    ; error
    @(218.44 mm, 187.96 mm): Symbol U1 Pin 7 [NRST, Input, Line]
[pin_not_driven]: Input pin not driven by any Output pins
    ; error
    @(218.44 mm, 187.96 mm): Symbol U1 Pin 7 [NRST, Input, Line]
[pin_not_connected]: Pin not connected
    ; error
    @(218.44 mm, 193.04 mm): Symbol U1 Pin 44 [BOOT0, Input, Line]
[pin_not_driven]: Input pin not driven by any Output pins
    ; error
    @(218.44 mm, 193.04 mm): Symbol U1 Pin 44 [BOOT0, Input, Line]
[pin_not_connected]: Pin not connected
    ; error
    @(218.44 mm, 198.12 mm): Symbol U1 Pin 5 [PD0, Bidirectional, Line]
[pin_not_connected]: Pin not connected
    ; error
    @(218.44 mm, 200.66 mm): Symbol U1 Pin 6 [PD1, Bidirectional, Line]
[pin_not_connected]: Pin not connected
    ; error
    @(218.44 mm, 205.74 mm): Symbol U1 Pin 2 [PC13, Bidirectional, Line]
[pin_not_connected]: Pin not connected
    ; error
    @(218.44 mm, 208.28 mm): Symbol U1 Pin 3 [PC14, Bidirectional, Line]
[pin_not_connected]: Pin not connected
    ; error
    @(218.44 mm, 210.82 mm): Symbol U1 Pin 4 [PC15, Bidirectional, Line]
[pin_not_connected]: Pin not connected
    ; error
    @(218.44 mm, 215.90 mm): Symbol U1 Pin 18 [PB0, Bidirectional, Line]
[pin_not_connected]: Pin not connected
    ; error
    @(218.44 mm, 218.44 mm): Symbol U1 Pin 19 [PB1, Bidirectional, Line]
[pin_not_connected]: Pin not connected
    ; error
    @(218.44 mm, 220.98 mm): Symbol U1 Pin 20 [PB2, Bidirectional, Line]
[pin_not_connected]: Pin not connected
    ; error
    @(218.44 mm, 223.52 mm): Symbol U1 Pin 39 [PB3, Bidirectional, Line]
[pin_not_connected]: Pin not connected
    ; error
    @(218.44 mm, 226.06 mm): Symbol U1 Pin 40 [PB4, Bidirectional, Line]
[pin_not_connected]: Pin not connected
    ; error
    @(218.44 mm, 228.60 mm): Symbol U1 Pin 41 [PB5, Bidirectional, Line]
[pin_not_connected]: Pin not connected
    ; error
    @(218.44 mm, 231.14 mm): Symbol U1 Pin 42 [PB6, Bidirectional, Line]
[pin_not_connected]: Pin not connected
    ; error
    @(218.44 mm, 233.68 mm): Symbol U1 Pin 43 [PB7, Bidirectional, Line]
[pin_not_connected]: Pin not connected
    ; error
    @(218.44 mm, 236.22 mm): Symbol U1 Pin 45 [PB8, Bidirectional, Line]
[pin_not_connected]: Pin not connected
    ; error
    @(218.44 mm, 238.76 mm): Symbol U1 Pin 46 [PB9, Bidirectional, Line]
[pin_not_connected]: Pin not connected
    ; error
    @(218.44 mm, 241.30 mm): Symbol U1 Pin 21 [PB10, Bidirectional, Line]
[pin_not_connected]: Pin not connected
    ; error
    @(218.44 mm, 243.84 mm): Symbol U1 Pin 22 [PB11, Bidirectional, Line]
[pin_not_connected]: Pin not connected
    ; error
    @(218.44 mm, 246.38 mm): Symbol U1 Pin 25 [PB12, Bidirectional, Line]
[pin_not_connected]: Pin not connected
    ; error
    @(218.44 mm, 248.92 mm): Symbol U1 Pin 26 [PB13, Bidirectional, Line]
[pin_not_connected]: Pin not connected
    ; error
    @(218.44 mm, 251.46 mm): Symbol U1 Pin 27 [PB14, Bidirectional, Line]
[pin_not_connected]: Pin not connected
    ; error
    @(218.44 mm, 254.00 mm): Symbol U1 Pin 28 [PB15, Bidirectional, Line]
[pin_not_connected]: Pin not connected
    ; error
    @(231.14 mm, 180.34 mm): Symbol U1 Pin 1 [VBAT, Power input, Line]
[power_pin_not_driven]: Input Power pin not driven by any Output Power pins
    ; error
    @(231.14 mm, 180.34 mm): Symbol U1 Pin 1 [VBAT, Power input, Line]
[pin_not_connected]: Pin not connected
    ; error
    @(233.68 mm, 180.34 mm): Symbol U1 Pin 24 [VDD, Power input, Line]
[power_pin_not_driven]: Input Power pin not driven by any Output Power pins
    ; error
    @(233.68 mm, 180.34 mm): Symbol U1 Pin 24 [VDD, Power input, Line]
[pin_not_connected]: Pin not connected
    ; error
    @(236.22 mm, 180.34 mm): Symbol U1 Pin 36 [VDD, Power input, Line]
[power_pin_not_driven]: Input Power pin not driven by any Output Power pins
    ; error
    @(236.22 mm, 180.34 mm): Symbol U1 Pin 36 [VDD, Power input, Line]
[pin_not_connected]: Pin not connected
    ; error
    @(236.22 mm, 261.62 mm): Symbol U1 Pin 23 [VSS, Power input, Line]
[power_pin_not_driven]: Input Power pin not driven by any Output Power pins
    ; error
    @(236.22 mm, 261.62 mm): Symbol U1 Pin 23 [VSS, Power input, Line]
[pin_not_connected]: Pin not connected
    ; error
    @(238.76 mm, 180.34 mm): Symbol U1 Pin 48 [VDD, Power input, Line]
[power_pin_not_driven]: Input Power pin not driven by any Output Power pins
    ; error
    @(238.76 mm, 180.34 mm): Symbol U1 Pin 48 [VDD, Power input, Line]
[pin_not_connected]: Pin not connected
    ; error
    @(238.76 mm, 261.62 mm): Symbol U1 Pin 8 [VSSA, Power input, Line]
[power_pin_not_driven]: Input Power pin not driven by any Output Power pins
    ; error
    @(238.76 mm, 261.62 mm): Symbol U1 Pin 8 [VSSA, Power input, Line]
[pin_not_connected]: Pin not connected
    ; error
    @(241.30 mm, 180.34 mm): Symbol U1 Pin 9 [VDDA, Power input, Line]
[power_pin_not_driven]: Input Power pin not driven by any Output Power pins
    ; error
    @(241.30 mm, 180.34 mm): Symbol U1 Pin 9 [VDDA, Power input, Line]
[pin_not_connected]: Pin not connected
    ; error
    @(254.00 mm, 193.04 mm): Symbol U1 Pin 12 [PA2, Bidirectional, Line]
[pin_not_connected]: Pin not connected
    ; error
    @(254.00 mm, 195.58 mm): Symbol U1 Pin 13 [PA3, Bidirectional, Line]
[pin_not_connected]: Pin not connected
    ; error
    @(254.00 mm, 198.12 mm): Symbol U1 Pin 14 [PA4, Bidirectional, Line]
[pin_not_connected]: Pin not connected
    ; error
    @(254.00 mm, 200.66 mm): Symbol U1 Pin 15 [PA5, Bidirectional, Line]
[pin_not_connected]: Pin not connected
    ; error
    @(254.00 mm, 203.20 mm): Symbol U1 Pin 16 [PA6, Bidirectional, Line]
[pin_not_connected]: Pin not connected
    ; error
    @(254.00 mm, 205.74 mm): Symbol U1 Pin 17 [PA7, Bidirectional, Line]
[pin_not_connected]: Pin not connected
    ; error
    @(254.00 mm, 208.28 mm): Symbol U1 Pin 29 [PA8, Bidirectional, Line]
[pin_not_connected]: Pin not connected
    ; error
    @(254.00 mm, 210.82 mm): Symbol U1 Pin 30 [PA9, Bidirectional, Line]
[pin_not_connected]: Pin not connected
    ; error
    @(254.00 mm, 213.36 mm): Symbol U1 Pin 31 [PA10, Bidirectional, Line]
[pin_not_connected]: Pin not connected
    ; error
    @(254.00 mm, 215.90 mm): Symbol U1 Pin 32 [PA11, Bidirectional, Line]
[pin_not_connected]: Pin not connected
    ; error
    @(254.00 mm, 218.44 mm): Symbol U1 Pin 33 [PA12, Bidirectional, Line]
[pin_not_connected]: Pin not connected
    ; error
    @(254.00 mm, 220.98 mm): Symbol U1 Pin 34 [PA13, Bidirectional, Line]
[pin_not_connected]: Pin not connected
    ; error
    @(254.00 mm, 223.52 mm): Symbol U1 Pin 37 [PA14, Bidirectional, Line]
[pin_not_connected]: Pin not connected
    ; error
    @(254.00 mm, 226.06 mm): Symbol U1 Pin 38 [PA15, Bidirectional, Line]
[power_pin_not_driven]: Input Power pin not driven by any Output Power pins
    ; error
    @(303.53 mm, 80.01 mm): Symbol U4 Pin 3 [VI, Power input, Line]

 ** ERC messages: 74  Errors 74  Warnings 0

 ** Ignored checks:
    - Global label only appears once in the schematic
    - Four connection points are joined together
    - SPICE model issue
    - Assigned footprint doesn't match footprint filters
