ERC report (2026-06-18T16:31:37, Encoding UTF8)
Report includes: Errors, Warnings, Exclusions

***** Sheet /
[unannotated]: Item not annotated: R15_Shunt?
    ; error
    @(52.07 mm, 203.20 mm): Symbol R15_Shunt [WSLF25121L000FEA]
[power_pin_not_driven]: Input Power pin not driven by any Output Power pins
    ; error
    @(83.82 mm, 119.38 mm): Symbol C8 Pin 2 [Input, Line]
[pin_not_connected]: Pin not connected
    ; error
    @(199.39 mm, 170.18 mm): Symbol U1 Pin 7 [NRST, Input, Line]
[pin_not_driven]: Input pin not driven by any Output pins
    ; error
    @(199.39 mm, 170.18 mm): Symbol U1 Pin 7 [NRST, Input, Line]
[pin_not_connected]: Pin not connected
    ; error
    @(199.39 mm, 175.26 mm): Symbol U1 Pin 44 [BOOT0, Input, Line]
[pin_not_driven]: Input pin not driven by any Output pins
    ; error
    @(199.39 mm, 175.26 mm): Symbol U1 Pin 44 [BOOT0, Input, Line]
[pin_not_connected]: Pin not connected
    ; error
    @(199.39 mm, 180.34 mm): Symbol U1 Pin 5 [PD0, Bidirectional, Line]
[pin_not_connected]: Pin not connected
    ; error
    @(199.39 mm, 182.88 mm): Symbol U1 Pin 6 [PD1, Bidirectional, Line]
[pin_not_connected]: Pin not connected
    ; error
    @(199.39 mm, 187.96 mm): Symbol U1 Pin 2 [PC13, Bidirectional, Line]
[pin_not_connected]: Pin not connected
    ; error
    @(199.39 mm, 190.50 mm): Symbol U1 Pin 3 [PC14, Bidirectional, Line]
[pin_not_connected]: Pin not connected
    ; error
    @(199.39 mm, 193.04 mm): Symbol U1 Pin 4 [PC15, Bidirectional, Line]
[pin_not_connected]: Pin not connected
    ; error
    @(199.39 mm, 198.12 mm): Symbol U1 Pin 18 [PB0, Bidirectional, Line]
[pin_not_connected]: Pin not connected
    ; error
    @(199.39 mm, 200.66 mm): Symbol U1 Pin 19 [PB1, Bidirectional, Line]
[pin_not_connected]: Pin not connected
    ; error
    @(199.39 mm, 203.20 mm): Symbol U1 Pin 20 [PB2, Bidirectional, Line]
[pin_not_connected]: Pin not connected
    ; error
    @(199.39 mm, 205.74 mm): Symbol U1 Pin 39 [PB3, Bidirectional, Line]
[pin_not_connected]: Pin not connected
    ; error
    @(199.39 mm, 208.28 mm): Symbol U1 Pin 40 [PB4, Bidirectional, Line]
[pin_not_connected]: Pin not connected
    ; error
    @(199.39 mm, 210.82 mm): Symbol U1 Pin 41 [PB5, Bidirectional, Line]
[pin_not_connected]: Pin not connected
    ; error
    @(199.39 mm, 218.44 mm): Symbol U1 Pin 45 [PB8, Bidirectional, Line]
[pin_not_connected]: Pin not connected
    ; error
    @(199.39 mm, 220.98 mm): Symbol U1 Pin 46 [PB9, Bidirectional, Line]
[pin_not_connected]: Pin not connected
    ; error
    @(199.39 mm, 223.52 mm): Symbol U1 Pin 21 [PB10, Bidirectional, Line]
[pin_not_connected]: Pin not connected
    ; error
    @(199.39 mm, 226.06 mm): Symbol U1 Pin 22 [PB11, Bidirectional, Line]
[pin_not_connected]: Pin not connected
    ; error
    @(199.39 mm, 228.60 mm): Symbol U1 Pin 25 [PB12, Bidirectional, Line]
[pin_not_connected]: Pin not connected
    ; error
    @(199.39 mm, 231.14 mm): Symbol U1 Pin 26 [PB13, Bidirectional, Line]
[pin_not_connected]: Pin not connected
    ; error
    @(199.39 mm, 233.68 mm): Symbol U1 Pin 27 [PB14, Bidirectional, Line]
[pin_not_connected]: Pin not connected
    ; error
    @(199.39 mm, 236.22 mm): Symbol U1 Pin 28 [PB15, Bidirectional, Line]
[pin_not_connected]: Pin not connected
    ; error
    @(212.09 mm, 162.56 mm): Symbol U1 Pin 1 [VBAT, Power input, Line]
[power_pin_not_driven]: Input Power pin not driven by any Output Power pins
    ; error
    @(212.09 mm, 162.56 mm): Symbol U1 Pin 1 [VBAT, Power input, Line]
[pin_not_connected]: Pin not connected
    ; error
    @(214.63 mm, 162.56 mm): Symbol U1 Pin 24 [VDD, Power input, Line]
[power_pin_not_driven]: Input Power pin not driven by any Output Power pins
    ; error
    @(214.63 mm, 162.56 mm): Symbol U1 Pin 24 [VDD, Power input, Line]
[pin_not_connected]: Pin not connected
    ; error
    @(217.17 mm, 162.56 mm): Symbol U1 Pin 36 [VDD, Power input, Line]
[power_pin_not_driven]: Input Power pin not driven by any Output Power pins
    ; error
    @(217.17 mm, 162.56 mm): Symbol U1 Pin 36 [VDD, Power input, Line]
[pin_not_connected]: Pin not connected
    ; error
    @(217.17 mm, 243.84 mm): Symbol U1 Pin 23 [VSS, Power input, Line]
[power_pin_not_driven]: Input Power pin not driven by any Output Power pins
    ; error
    @(217.17 mm, 243.84 mm): Symbol U1 Pin 23 [VSS, Power input, Line]
[pin_not_connected]: Pin not connected
    ; error
    @(219.71 mm, 162.56 mm): Symbol U1 Pin 48 [VDD, Power input, Line]
[power_pin_not_driven]: Input Power pin not driven by any Output Power pins
    ; error
    @(219.71 mm, 162.56 mm): Symbol U1 Pin 48 [VDD, Power input, Line]
[pin_not_connected]: Pin not connected
    ; error
    @(219.71 mm, 243.84 mm): Symbol U1 Pin 8 [VSSA, Power input, Line]
[power_pin_not_driven]: Input Power pin not driven by any Output Power pins
    ; error
    @(219.71 mm, 243.84 mm): Symbol U1 Pin 8 [VSSA, Power input, Line]
[pin_not_connected]: Pin not connected
    ; error
    @(222.25 mm, 162.56 mm): Symbol U1 Pin 9 [VDDA, Power input, Line]
[power_pin_not_driven]: Input Power pin not driven by any Output Power pins
    ; error
    @(222.25 mm, 162.56 mm): Symbol U1 Pin 9 [VDDA, Power input, Line]
[pin_not_connected]: Pin not connected
    ; error
    @(234.95 mm, 175.26 mm): Symbol U1 Pin 12 [PA2, Bidirectional, Line]
[pin_not_connected]: Pin not connected
    ; error
    @(234.95 mm, 177.80 mm): Symbol U1 Pin 13 [PA3, Bidirectional, Line]
[pin_not_connected]: Pin not connected
    ; error
    @(234.95 mm, 180.34 mm): Symbol U1 Pin 14 [PA4, Bidirectional, Line]
[pin_not_connected]: Pin not connected
    ; error
    @(234.95 mm, 182.88 mm): Symbol U1 Pin 15 [PA5, Bidirectional, Line]
[pin_not_connected]: Pin not connected
    ; error
    @(234.95 mm, 185.42 mm): Symbol U1 Pin 16 [PA6, Bidirectional, Line]
[pin_not_connected]: Pin not connected
    ; error
    @(234.95 mm, 187.96 mm): Symbol U1 Pin 17 [PA7, Bidirectional, Line]
[pin_not_connected]: Pin not connected
    ; error
    @(234.95 mm, 190.50 mm): Symbol U1 Pin 29 [PA8, Bidirectional, Line]
[pin_not_connected]: Pin not connected
    ; error
    @(234.95 mm, 193.04 mm): Symbol U1 Pin 30 [PA9, Bidirectional, Line]
[pin_not_connected]: Pin not connected
    ; error
    @(234.95 mm, 195.58 mm): Symbol U1 Pin 31 [PA10, Bidirectional, Line]
[pin_not_connected]: Pin not connected
    ; error
    @(234.95 mm, 198.12 mm): Symbol U1 Pin 32 [PA11, Bidirectional, Line]
[pin_not_connected]: Pin not connected
    ; error
    @(234.95 mm, 200.66 mm): Symbol U1 Pin 33 [PA12, Bidirectional, Line]
[pin_not_connected]: Pin not connected
    ; error
    @(234.95 mm, 203.20 mm): Symbol U1 Pin 34 [PA13, Bidirectional, Line]
[pin_not_connected]: Pin not connected
    ; error
    @(234.95 mm, 205.74 mm): Symbol U1 Pin 37 [PA14, Bidirectional, Line]
[pin_not_connected]: Pin not connected
    ; error
    @(234.95 mm, 208.28 mm): Symbol U1 Pin 38 [PA15, Bidirectional, Line]
[power_pin_not_driven]: Input Power pin not driven by any Output Power pins
    ; error
    @(303.53 mm, 80.01 mm): Symbol U4 Pin 3 [VI, Power input, Line]
[footprint_link_issues]: The current configuration does not include the footprint library 'ERA8ARB203V'
    ; warning
    @(40.64 mm, 41.91 mm): Symbol R20 [ERA8ARB203V]
[footprint_link_issues]: The current configuration does not include the footprint library 'ERA8ARB203V'
    ; warning
    @(40.64 mm, 52.07 mm): Symbol R21 [ERA8ARB203V]
[footprint_link_issues]: The current configuration does not include the footprint library 'WSLF25121L000FEA'
    ; warning
    @(52.07 mm, 203.20 mm): Symbol R15_Shunt [WSLF25121L000FEA]
[footprint_link_issues]: The current configuration does not include the footprint library 'ERA8ARB203V'
    ; warning
    @(66.04 mm, 41.91 mm): Symbol R18 [ERA8ARB203V]
[footprint_link_issues]: The current configuration does not include the footprint library 'ERA8ARB203V'
    ; warning
    @(66.04 mm, 52.07 mm): Symbol R19 [ERA8ARB203V]
[footprint_link_issues]: The current configuration does not include the footprint library '4ms_Capacitor'
    ; warning
    @(68.58 mm, 175.26 mm): Symbol C13 [1uF_0603_25V]
[footprint_link_issues]: The current configuration does not include the footprint library '4ms_Capacitor'
    ; warning
    @(81.28 mm, 175.26 mm): Symbol C12 [0.1uF_0603_16V]
[footprint_link_issues]: The current configuration does not include the footprint library 'ERA8ARB203V'
    ; warning
    @(91.44 mm, 41.91 mm): Symbol R16 [ERA8ARB203V]
[footprint_link_issues]: The current configuration does not include the footprint library 'ERA8ARB203V'
    ; warning
    @(91.44 mm, 52.07 mm): Symbol R17 [ERA8ARB203V]
[footprint_link_issues]: The current configuration does not include the footprint library 'ZMPT101B'
    ; warning
    @(114.30 mm, 46.99 mm): Symbol T2 [ZMPT101B]
[lib_symbol_issues]: The symbol library 'ZMPT101B' was not found at '/home/manhquan/Downloads/ZMPT101B/ZMPT101B.kicad_sym'
    ; warning
    @(114.30 mm, 46.99 mm): Symbol T2 [ZMPT101B]
[footprint_link_issues]: The current configuration does not include the footprint library 'RC1206FR-07360RL'
    ; warning
    @(133.35 mm, 41.91 mm): Symbol R4 [RC1206FR-07360RL]
[endpoint_off_grid]: Symbol pin or wire end off connection grid
    ; warning
    @(240.03 mm, 53.086 mm): Vertical Wire, length 0.254 mm
[unconnected_wire_endpoint]: Unconnected wire endpoint
    ; warning
    @(240.03 mm, 53.086 mm): Vertical Wire, length 0.254 mm
[endpoint_off_grid]: Symbol pin or wire end off connection grid
    ; warning
    @(247.65 mm, 53.086 mm): Vertical Wire, length 0.254 mm
[unconnected_wire_endpoint]: Unconnected wire endpoint
    ; warning
    @(247.65 mm, 53.086 mm): Vertical Wire, length 0.254 mm
[endpoint_off_grid]: Symbol pin or wire end off connection grid
    ; warning
    @(282.702 mm, 27.178 mm): Vertical Wire, length 2.286 mm
[endpoint_off_grid]: Symbol pin or wire end off connection grid
    ; warning
    @(282.702 mm, 29.464 mm): Horizontal Wire, length 11.938 mm
[endpoint_off_grid]: Symbol pin or wire end off connection grid
    ; warning
    @(294.64 mm, 29.464 mm): Vertical Wire, length 5.08 mm
[endpoint_off_grid]: Symbol pin or wire end off connection grid
    ; warning
    @(294.64 mm, 29.464 mm): Horizontal Wire, length 12.70 mm
[endpoint_off_grid]: Symbol pin or wire end off connection grid
    ; warning
    @(294.64 mm, 34.544 mm): Symbol R3 Pin 1 [Passive, Line]
[endpoint_off_grid]: Symbol pin or wire end off connection grid
    ; warning
    @(294.64 mm, 42.164 mm): Vertical Wire, length 4.826 mm
[endpoint_off_grid]: Symbol pin or wire end off connection grid
    ; warning
    @(294.64 mm, 59.182 mm): Symbol #PWR03 Hidden pin 1 [GND, Power input, Line]
[endpoint_off_grid]: Symbol pin or wire end off connection grid
    ; warning
    @(294.64 mm, 54.61 mm): Vertical Wire, length 4.572 mm
[endpoint_off_grid]: Symbol pin or wire end off connection grid
    ; warning
    @(307.34 mm, 29.464 mm): Vertical Wire, length 4.318 mm
[endpoint_off_grid]: Symbol pin or wire end off connection grid
    ; warning
    @(307.34 mm, 29.464 mm): Horizontal Wire, length 21.082 mm
[endpoint_off_grid]: Symbol pin or wire end off connection grid
    ; warning
    @(307.34 mm, 33.782 mm): Symbol C2 Pin 1 [Passive, Line]
[endpoint_off_grid]: Symbol pin or wire end off connection grid
    ; warning
    @(307.34 mm, 41.402 mm): Vertical Wire, length 17.526 mm
[endpoint_off_grid]: Symbol pin or wire end off connection grid
    ; warning
    @(307.34 mm, 58.928 mm): Symbol #PWR04 Hidden pin 1 [GND, Power input, Line]
[endpoint_off_grid]: Symbol pin or wire end off connection grid
    ; warning
    @(314.198 mm, 41.91 mm): Horizontal Wire, length 6.096 mm
[endpoint_off_grid]: Symbol pin or wire end off connection grid
    ; warning
    @(314.198 mm, 45.974 mm): Vertical Wire, length 4.064 mm
[lib_symbol_mismatch]: Symbol 'LED' doesn't match copy in library 'Device'
    ; warning
    @(314.198 mm, 49.784 mm): Symbol D1 [LED]
[endpoint_off_grid]: Symbol pin or wire end off connection grid
    ; warning
    @(314.198 mm, 53.594 mm): Symbol D1 Pin 1 [K, Passive, Line]
[endpoint_off_grid]: Symbol pin or wire end off connection grid
    ; warning
    @(314.198 mm, 53.594 mm): Vertical Wire, length 1.778 mm
[endpoint_off_grid]: Symbol pin or wire end off connection grid
    ; warning
    @(314.198 mm, 55.372 mm): Horizontal Wire, length 6.096 mm
[endpoint_off_grid]: Symbol pin or wire end off connection grid
    ; warning
    @(320.294 mm, 41.91 mm): Vertical Wire, length 4.064 mm
[endpoint_off_grid]: Symbol pin or wire end off connection grid
    ; warning
    @(320.294 mm, 41.91 mm): Horizontal Wire, length 21.336 mm
[endpoint_off_grid]: Symbol pin or wire end off connection grid
    ; warning
    @(320.294 mm, 45.974 mm): Symbol D2 Pin 1 [K, Passive, Line]
[lib_symbol_mismatch]: Symbol 'LED' doesn't match copy in library 'Device'
    ; warning
    @(320.294 mm, 49.784 mm): Symbol D2 [LED]
[endpoint_off_grid]: Symbol pin or wire end off connection grid
    ; warning
    @(320.294 mm, 53.594 mm): Vertical Wire, length 1.778 mm
[endpoint_off_grid]: Symbol pin or wire end off connection grid
    ; warning
    @(320.294 mm, 55.372 mm): Horizontal Wire, length 6.604 mm
[endpoint_off_grid]: Symbol pin or wire end off connection grid
    ; warning
    @(326.898 mm, 44.45 mm): Horizontal Wire, length 6.096 mm
[endpoint_off_grid]: Symbol pin or wire end off connection grid
    ; warning
    @(326.898 mm, 45.974 mm): Vertical Wire, length 1.524 mm
[lib_symbol_mismatch]: Symbol 'LED' doesn't match copy in library 'Device'
    ; warning
    @(326.898 mm, 49.784 mm): Symbol D3 [LED]
[endpoint_off_grid]: Symbol pin or wire end off connection grid
    ; warning
    @(326.898 mm, 53.594 mm): Vertical Wire, length 1.778 mm
[endpoint_off_grid]: Symbol pin or wire end off connection grid
    ; warning
    @(326.898 mm, 53.594 mm): Symbol D3 Pin 1 [K, Passive, Line]
[endpoint_off_grid]: Symbol pin or wire end off connection grid
    ; warning
    @(326.898 mm, 55.372 mm): Horizontal Wire, length 6.096 mm
[endpoint_off_grid]: Symbol pin or wire end off connection grid
    ; warning
    @(328.422 mm, 29.464 mm): Vertical Wire, length 9.906 mm
[endpoint_off_grid]: Symbol pin or wire end off connection grid
    ; warning
    @(328.422 mm, 39.37 mm): Horizontal Wire, length 13.208 mm
[endpoint_off_grid]: Symbol pin or wire end off connection grid
    ; warning
    @(332.994 mm, 44.45 mm): Horizontal Wire, length 8.636 mm
[endpoint_off_grid]: Symbol pin or wire end off connection grid
    ; warning
    @(332.994 mm, 45.974 mm): Symbol D4 Pin 1 [K, Passive, Line]
[endpoint_off_grid]: Symbol pin or wire end off connection grid
    ; warning
    @(332.994 mm, 45.974 mm): Vertical Wire, length 1.524 mm
[lib_symbol_mismatch]: Symbol 'LED' doesn't match copy in library 'Device'
    ; warning
    @(332.994 mm, 49.784 mm): Symbol D4 [LED]
[endpoint_off_grid]: Symbol pin or wire end off connection grid
    ; warning
    @(332.994 mm, 53.594 mm): Vertical Wire, length 1.778 mm
[endpoint_off_grid]: Symbol pin or wire end off connection grid
    ; warning
    @(332.994 mm, 55.372 mm): Horizontal Wire, length 8.636 mm
[endpoint_off_grid]: Symbol pin or wire end off connection grid
    ; warning
    @(341.63 mm, 55.372 mm): Vertical Wire, length 8.382 mm
[lib_symbol_issues]: The symbol library 'IP5306' was not found at '/home/manhquan/KiCAD_Projects/Energy_Meter/IP5306/IP5306.kicad_sym'
    ; warning
    @(349.25 mm, 44.45 mm): Symbol U3 [IP5306]
[endpoint_off_grid]: Symbol pin or wire end off connection grid
    ; warning
    @(349.25 mm, 57.15 mm): Vertical Wire, length 2.286 mm
[endpoint_off_grid]: Symbol pin or wire end off connection grid
    ; warning
    @(349.25 mm, 59.436 mm): Symbol #PWR05 Hidden pin 1 [GND, Power input, Line]
[endpoint_off_grid]: Symbol pin or wire end off connection grid
    ; warning
    @(359.156 mm, 41.91 mm): Symbol L1 Pin 1 [1, Passive, Line]
[endpoint_off_grid]: Symbol pin or wire end off connection grid
    ; warning
    @(356.87 mm, 41.91 mm): Horizontal Wire, length 2.286 mm
[endpoint_off_grid]: Symbol pin or wire end off connection grid
    ; warning
    @(366.776 mm, 41.91 mm): Horizontal Wire, length 2.286 mm
[endpoint_off_grid]: Symbol pin or wire end off connection grid
    ; warning
    @(369.062 mm, 41.91 mm): Horizontal Wire, length 3.302 mm
[endpoint_off_grid]: Symbol pin or wire end off connection grid
    ; warning
    @(369.062 mm, 44.45 mm): Vertical Wire, length 2.54 mm
[endpoint_off_grid]: Symbol pin or wire end off connection grid
    ; warning
    @(356.87 mm, 44.45 mm): Horizontal Wire, length 12.192 mm
[endpoint_off_grid]: Symbol pin or wire end off connection grid
    ; warning
    @(369.57 mm, 19.304 mm): Symbol C4 Pin 1 [Passive, Line]
[endpoint_off_grid]: Symbol pin or wire end off connection grid
    ; warning
    @(369.57 mm, 19.05 mm): Vertical Wire, length 0.254 mm
[endpoint_off_grid]: Symbol pin or wire end off connection grid
    ; warning
    @(369.57 mm, 26.924 mm): Vertical Wire, length 1.016 mm
[endpoint_off_grid]: Symbol pin or wire end off connection grid
    ; warning
    @(372.364 mm, 41.91 mm): Horizontal Wire, length 8.89 mm
[endpoint_off_grid]: Symbol pin or wire end off connection grid
    ; warning
    @(372.364 mm, 43.434 mm): Symbol C3 Pin 1 [Passive, Line]
[endpoint_off_grid]: Symbol pin or wire end off connection grid
    ; warning
    @(372.364 mm, 43.434 mm): Vertical Wire, length 1.524 mm
[endpoint_off_grid]: Symbol pin or wire end off connection grid
    ; warning
    @(372.364 mm, 51.054 mm): Vertical Wire, length 1.778 mm
[endpoint_off_grid]: Symbol pin or wire end off connection grid
    ; warning
    @(372.364 mm, 52.832 mm): Symbol #PWR07 Hidden pin 1 [GND, Power input, Line]
[endpoint_off_grid]: Symbol pin or wire end off connection grid
    ; warning
    @(381.254 mm, 39.878 mm): Vertical Wire, length 2.032 mm
[endpoint_off_grid]: Symbol pin or wire end off connection grid
    ; warning
    @(381.254 mm, 43.688 mm): Symbol R6 Pin 1 [Passive, Line]
[endpoint_off_grid]: Symbol pin or wire end off connection grid
    ; warning
    @(381.254 mm, 43.688 mm): Vertical Wire, length 1.778 mm
[endpoint_off_grid]: Symbol pin or wire end off connection grid
    ; warning
    @(381.254 mm, 51.308 mm): Vertical Wire, length 2.54 mm
[endpoint_off_grid]: Symbol pin or wire end off connection grid
    ; warning
    @(381.254 mm, 53.848 mm): Symbol C5 Pin 1 [Passive, Line]
[endpoint_off_grid]: Symbol pin or wire end off connection grid
    ; warning
    @(381.254 mm, 61.468 mm): Vertical Wire, length 1.27 mm
[endpoint_off_grid]: Symbol pin or wire end off connection grid
    ; warning
    @(381.254 mm, 62.738 mm): Symbol #PWR08 Hidden pin 1 [GND, Power input, Line]

 ** ERC messages: 134  Errors 54  Warnings 80

 ** Ignored checks:
    - Global label only appears once in the schematic
    - Four connection points are joined together
    - SPICE model issue
    - Assigned footprint doesn't match footprint filters
