ERC report (2026-06-30T10:45:21, Encoding UTF8)
Report includes: Errors, Warnings

***** Sheet /
[pin_to_pin]: Pins of type Power output and Power output are connected
    ; error
    @(354.33 mm, 151.13 mm): Symbol U3 Pin 4 [V3, Power output, Line]
    @(275.59 mm, 80.01 mm): Symbol U4 Pin 2 [VO, Power output, Line]
[lib_symbol_mismatch]: Symbol 'RS73G2ATTD33R0B' doesn't match copy in library 'RS73G2ATTD33R0B'
    ; warning
    @(49.53 mm, 105.41 mm): Symbol R10_Burden1 [RS73G2ATTD33R0B]
[pin_to_pin]: Pins of type Unspecified and Passive are connected
    ; warning
    @(116.84 mm, 101.60 mm): Symbol SW4 Pin A [A, Unspecified, Line]
    @(110.49 mm, 90.17 mm): Symbol R29 Pin 2 [Passive, Line]
[pin_to_pin]: Pins of type Unspecified and Input are connected
    ; warning
    @(116.84 mm, 104.14 mm): Symbol SW4 Pin B [B, Unspecified, Line]
    @(101.60 mm, 115.57 mm): Symbol C28 Pin 2 [Input, Line]
[pin_to_pin]: Pins of type Unspecified and Power input are connected
    ; warning
    @(116.84 mm, 109.22 mm): Symbol SW4 Pin C [C, Unspecified, Line]
    @(115.57 mm, 110.49 mm): Symbol #PWR044 Hidden pin 1 [GND, Power input, Line]
[lib_symbol_mismatch]: Symbol 'FG18C0G1H220JNT00' doesn't match copy in library 'FG18C0G1H220JNT00'
    ; warning
    @(132.08 mm, 245.11 mm): Symbol C35 [FG18C0G1H220JNT00]
[pin_to_pin]: Pins of type Unspecified and Passive are connected
    ; warning
    @(144.78 mm, 104.14 mm): Symbol SW4 Pin E [E, Unspecified, Line]
    @(152.40 mm, 119.38 mm): Symbol C30 Pin 1 [Passive, Line]
[pin_to_pin]: Pins of type Unspecified and Input are connected
    ; warning
    @(144.78 mm, 109.22 mm): Symbol SW4 Pin D [D, Unspecified, Line]
    @(152.40 mm, 114.30 mm): Symbol C30 Pin 2 [Input, Line]
[lib_symbol_mismatch]: Symbol 'FG18C0G1H220JNT00' doesn't match copy in library 'FG18C0G1H220JNT00'
    ; warning
    @(149.86 mm, 245.11 mm): Symbol C33 [FG18C0G1H220JNT00]
[isolated_pin_label]: Label connected to only one pin
    ; warning
    @(182.88 mm, 243.84 mm): Label 'SCL2'
[isolated_pin_label]: Label connected to only one pin
    ; warning
    @(182.88 mm, 246.38 mm): Label 'SDA2'
[lib_symbol_mismatch]: Symbol 'LED' doesn't match copy in library 'Device'
    ; warning
    @(314.96 mm, 49.53 mm): Symbol D1 [LED]
[lib_symbol_mismatch]: Symbol 'LED' doesn't match copy in library 'Device'
    ; warning
    @(321.31 mm, 49.53 mm): Symbol D2 [LED]
[lib_symbol_mismatch]: Symbol 'LED' doesn't match copy in library 'Device'
    ; warning
    @(327.66 mm, 49.53 mm): Symbol D3 [LED]
[lib_symbol_mismatch]: Symbol 'LED' doesn't match copy in library 'Device'
    ; warning
    @(334.01 mm, 49.53 mm): Symbol D4 [LED]
[lib_symbol_mismatch]: Symbol 'IP5306' doesn't match copy in library 'IP5306'
    ; warning
    @(349.25 mm, 44.45 mm): Symbol U6 [IP5306]

 ** ERC messages: 16  Errors 1  Warnings 15

 ** Ignored checks:
    - Global label only appears once in the schematic
    - Four connection points are joined together
    - SPICE model issue
    - Assigned footprint doesn't match footprint filters
